✖ fonts wait for one asynchronous package and retain global registration with independent callback results (1.552834ms)
✔ package download rejection resolves readiness and records failure without stopping the app (0.288666ms)
✔ unsupported SDK never downloads fonts or attempts registration (0.228625ms)
ℹ tests 3
ℹ suites 0
ℹ pass 2
ℹ fail 1
ℹ cancelled 0
ℹ skipped 0
ℹ todo 0
ℹ duration_ms 55.025958

✖ failing tests:

test at test/miniprogram-reference-font-async.test.ts:1:966
✖ fonts wait for one asynchronous package and retain global registration with independent callback results (1.552834ms)
  AssertionError [ERR_ASSERTION]: Expected values to be strictly equal:
  
  0 !== 2
  
      at TestContext.<anonymous> (/Users/tsb/Documents/小程序/test/miniprogram-reference-font-async.test.ts:25:35)
      at async Test.run (node:internal/test_runner/test:1389:7)
      at async startSubtestAfterBootstrap (node:internal/test_runner/harness:387:3) {
    generatedMessage: true,
    code: 'ERR_ASSERTION',
    actual: 0,
    expected: 2,
    operator: 'strictEqual',
    diff: 'simple'
  }
